# netchaos-trace v1
# scenario=echo-all-faults seed=2027
# fields: ord side seq part drop thr_ns corrupt size cbyte cbit dup drawn_ns eff_ns
ord=0 side=dialer   seq=0 part=0 drop=0 thr=125000 corrupt=0 size=8 cbyte=0 cbit=0 dup=0 drawn=9258993 eff=9258993
ord=0 side=dialer   seq=1 part=0 drop=0 thr=250000 corrupt=1 size=8 cbyte=3 cbit=6 dup=1 drawn=3316662 eff=9133993
ord=0 side=dialer   seq=2 part=0 drop=0 thr=375000 corrupt=1 size=8 cbyte=1 cbit=2 dup=0 drawn=5092927 eff=9008993
ord=0 side=dialer   seq=3 part=0 drop=0 thr=500000 corrupt=0 size=8 cbyte=0 cbit=0 dup=0 drawn=16120039 eff=16120039
ord=0 side=dialer   seq=4 part=0 drop=1 thr=0 corrupt=0 size=8 cbyte=0 cbit=0 dup=0 drawn=12578017 eff=0
ord=0 side=dialer   seq=5 part=0 drop=0 thr=625000 corrupt=0 size=8 cbyte=0 cbit=0 dup=1 drawn=4945687 eff=15995039
ord=0 side=dialer   seq=6 part=0 drop=0 thr=750000 corrupt=1 size=8 cbyte=7 cbit=2 dup=1 drawn=7942850 eff=15870039
ord=0 side=dialer   seq=7 part=0 drop=0 thr=875000 corrupt=0 size=8 cbyte=0 cbit=0 dup=0 drawn=16934735 eff=16934735
ord=0 side=dialer   seq=8 part=0 drop=1 thr=0 corrupt=0 size=8 cbyte=0 cbit=0 dup=1 drawn=16224844 eff=0
ord=0 side=dialer   seq=9 part=0 drop=0 thr=1000000 corrupt=1 size=8 cbyte=6 cbit=5 dup=0 drawn=8603339 eff=16809735
ord=0 side=dialer   seq=10 part=1 drop=0 thr=0 corrupt=0 size=0 cbyte=0 cbit=0 dup=0 drawn=0 eff=0
ord=0 side=dialer   seq=11 part=1 drop=0 thr=0 corrupt=0 size=0 cbyte=0 cbit=0 dup=0 drawn=0 eff=0
ord=0 side=dialer   seq=12 part=1 drop=0 thr=0 corrupt=0 size=0 cbyte=0 cbit=0 dup=0 drawn=0 eff=0
ord=0 side=dialer   seq=13 part=1 drop=0 thr=0 corrupt=0 size=0 cbyte=0 cbit=0 dup=0 drawn=0 eff=0
ord=0 side=dialer   seq=14 part=1 drop=0 thr=0 corrupt=0 size=0 cbyte=0 cbit=0 dup=0 drawn=0 eff=0
ord=0 side=dialer   seq=15 part=1 drop=0 thr=0 corrupt=0 size=0 cbyte=0 cbit=0 dup=0 drawn=0 eff=0
ord=0 side=dialer   seq=16 part=0 drop=0 thr=1125000 corrupt=0 size=8 cbyte=0 cbit=0 dup=0 drawn=6416606 eff=16684735
ord=0 side=dialer   seq=17 part=0 drop=0 thr=1250000 corrupt=0 size=8 cbyte=0 cbit=0 dup=0 drawn=12889310 eff=16559735
ord=0 side=dialer   seq=18 part=0 drop=0 thr=1375000 corrupt=0 size=8 cbyte=0 cbit=0 dup=0 drawn=9654463 eff=16434735
ord=0 side=dialer   seq=19 part=0 drop=0 thr=1500000 corrupt=1 size=8 cbyte=7 cbit=0 dup=1 drawn=7968700 eff=16309735
ord=0 side=dialer   seq=20 part=0 drop=0 thr=1625000 corrupt=1 size=8 cbyte=4 cbit=4 dup=0 drawn=13603306 eff=16184735
ord=0 side=dialer   seq=21 part=0 drop=1 thr=0 corrupt=1 size=8 cbyte=0 cbit=0 dup=0 drawn=11481055 eff=0
ord=0 side=dialer   seq=22 part=0 drop=1 thr=0 corrupt=0 size=8 cbyte=0 cbit=0 dup=0 drawn=16996441 eff=0
ord=0 side=dialer   seq=23 part=0 drop=0 thr=1750000 corrupt=0 size=8 cbyte=0 cbit=0 dup=1 drawn=4167854 eff=16059735
ord=0 side=dialer   seq=24 part=0 drop=0 thr=1875000 corrupt=0 size=8 cbyte=0 cbit=0 dup=1 drawn=4377179 eff=15934735
ord=0 side=dialer   seq=25 part=0 drop=0 thr=2000000 corrupt=1 size=8 cbyte=7 cbit=3 dup=0 drawn=11097252 eff=15809735
ord=0 side=dialer   seq=26 part=0 drop=0 thr=2125000 corrupt=0 size=8 cbyte=0 cbit=0 dup=1 drawn=4610136 eff=15684735
ord=0 side=dialer   seq=27 part=0 drop=0 thr=2250000 corrupt=0 size=8 cbyte=0 cbit=0 dup=0 drawn=12823284 eff=15559735
ord=0 side=dialer   seq=28 part=0 drop=0 thr=2375000 corrupt=0 size=8 cbyte=0 cbit=0 dup=0 drawn=18497270 eff=18497270
ord=0 side=dialer   seq=29 part=0 drop=0 thr=2500000 corrupt=0 size=8 cbyte=0 cbit=0 dup=0 drawn=6057878 eff=18372270
ord=0 side=dialer   seq=30 part=0 drop=0 thr=2625000 corrupt=0 size=8 cbyte=0 cbit=0 dup=0 drawn=9335676 eff=18247270
ord=0 side=dialer   seq=31 part=0 drop=0 thr=2750000 corrupt=0 size=8 cbyte=0 cbit=0 dup=0 drawn=13578888 eff=18122270
ord=0 side=acceptor seq=0 part=0 drop=0 thr=203125 corrupt=1 size=13 cbyte=5 cbit=3 dup=0 drawn=7372576 eff=7372576
ord=0 side=acceptor seq=1 part=0 drop=0 thr=406250 corrupt=0 size=13 cbyte=0 cbit=0 dup=0 drawn=9617967 eff=9617967
ord=0 side=acceptor seq=2 part=0 drop=1 thr=0 corrupt=0 size=13 cbyte=0 cbit=0 dup=0 drawn=1646965 eff=0
ord=0 side=acceptor seq=3 part=0 drop=0 thr=609375 corrupt=0 size=13 cbyte=0 cbit=0 dup=0 drawn=16660694 eff=16660694
ord=0 side=acceptor seq=4 part=0 drop=0 thr=812500 corrupt=0 size=13 cbyte=0 cbit=0 dup=0 drawn=15059817 eff=16457569
ord=0 side=acceptor seq=5 part=0 drop=0 thr=1015625 corrupt=0 size=13 cbyte=0 cbit=0 dup=0 drawn=13390424 eff=16254444
ord=0 side=acceptor seq=6 part=0 drop=0 thr=1218750 corrupt=0 size=13 cbyte=0 cbit=0 dup=0 drawn=3497595 eff=16051319
ord=0 side=acceptor seq=7 part=0 drop=0 thr=1421875 corrupt=0 size=13 cbyte=0 cbit=0 dup=0 drawn=8262362 eff=15848194
ord=0 side=acceptor seq=8 part=0 drop=0 thr=1625000 corrupt=1 size=13 cbyte=11 cbit=1 dup=0 drawn=16402046 eff=16402046
ord=0 side=acceptor seq=9 part=0 drop=1 thr=0 corrupt=1 size=13 cbyte=0 cbit=0 dup=0 drawn=17823333 eff=0
ord=0 side=acceptor seq=10 part=1 drop=0 thr=0 corrupt=0 size=0 cbyte=0 cbit=0 dup=0 drawn=0 eff=0
ord=0 side=acceptor seq=11 part=1 drop=0 thr=0 corrupt=0 size=0 cbyte=0 cbit=0 dup=0 drawn=0 eff=0
ord=0 side=acceptor seq=12 part=1 drop=0 thr=0 corrupt=0 size=0 cbyte=0 cbit=0 dup=0 drawn=0 eff=0
ord=0 side=acceptor seq=13 part=1 drop=0 thr=0 corrupt=0 size=0 cbyte=0 cbit=0 dup=0 drawn=0 eff=0
ord=0 side=acceptor seq=14 part=1 drop=0 thr=0 corrupt=0 size=0 cbyte=0 cbit=0 dup=0 drawn=0 eff=0
ord=0 side=acceptor seq=15 part=1 drop=0 thr=0 corrupt=0 size=0 cbyte=0 cbit=0 dup=0 drawn=0 eff=0
ord=0 side=acceptor seq=16 part=0 drop=0 thr=1828125 corrupt=0 size=13 cbyte=0 cbit=0 dup=0 drawn=19585970 eff=19585970
ord=0 side=acceptor seq=17 part=0 drop=0 thr=2031250 corrupt=1 size=13 cbyte=8 cbit=1 dup=0 drawn=17230375 eff=19382845
ord=0 side=acceptor seq=18 part=0 drop=0 thr=2234375 corrupt=0 size=13 cbyte=0 cbit=0 dup=0 drawn=15275197 eff=19179720
ord=0 side=acceptor seq=19 part=0 drop=0 thr=2437500 corrupt=0 size=13 cbyte=0 cbit=0 dup=0 drawn=11895922 eff=18976595
ord=0 side=acceptor seq=20 part=0 drop=1 thr=0 corrupt=0 size=13 cbyte=0 cbit=0 dup=0 drawn=2752590 eff=0
ord=0 side=acceptor seq=21 part=0 drop=0 thr=2640625 corrupt=0 size=13 cbyte=0 cbit=0 dup=0 drawn=12221464 eff=18773470
ord=0 side=acceptor seq=22 part=0 drop=0 thr=2843750 corrupt=0 size=13 cbyte=0 cbit=0 dup=0 drawn=5660047 eff=18570345
ord=0 side=acceptor seq=23 part=0 drop=0 thr=3046875 corrupt=0 size=13 cbyte=0 cbit=0 dup=0 drawn=5290236 eff=18367220
ord=0 side=acceptor seq=24 part=0 drop=0 thr=3250000 corrupt=1 size=13 cbyte=4 cbit=7 dup=0 drawn=9069788 eff=18164095
ord=0 side=acceptor seq=25 part=0 drop=1 thr=0 corrupt=0 size=13 cbyte=0 cbit=0 dup=0 drawn=14774773 eff=0
ord=0 side=acceptor seq=26 part=0 drop=0 thr=3453125 corrupt=0 size=13 cbyte=0 cbit=0 dup=0 drawn=17741474 eff=17960970
ord=0 side=acceptor seq=27 part=0 drop=1 thr=0 corrupt=0 size=13 cbyte=0 cbit=0 dup=0 drawn=17702590 eff=0
ord=0 side=acceptor seq=28 part=0 drop=0 thr=3656250 corrupt=0 size=13 cbyte=0 cbit=0 dup=1 drawn=6401605 eff=17757845
ord=0 side=acceptor seq=29 part=0 drop=0 thr=3859375 corrupt=0 size=13 cbyte=0 cbit=0 dup=0 drawn=14161520 eff=17554720
ord=0 side=acceptor seq=30 part=0 drop=0 thr=4062500 corrupt=0 size=13 cbyte=0 cbit=0 dup=1 drawn=7186564 eff=17351595
ord=0 side=acceptor seq=31 part=0 drop=0 thr=4265625 corrupt=1 size=13 cbyte=5 cbit=7 dup=0 drawn=2278005 eff=17148470
